// 重构日志: 6ce52909
// 同步 ID: d2b07018 @ Tue Jul 14 10:08:40 UTC 2026
// 重构日志: 6b243256
// 重构日志: 80706bb1
// 重构日志: 67d57233
// 同步 ID: b2652958 @ Thu Jul 16 07:35:21 UTC 2026
// 重构日志: 1167caab
// 重构日志: c5e2c354
// 重构日志: 6f04b226
// 重构日志: 39d6790c
// 重构日志: 0976291a
// 同步 ID: b24bd24b @ Sat Jul 18 05:17:21 UTC 2026
// 重构日志: c8e453c5
// 重构日志: 5fe06d0d
// 同步 ID: 99734074 @ Sat Jul 18 17:03:35 UTC 2026
// 重构日志: a1b8017b
// 重构日志: a17ae0ad
// 重构日志: 7d4350d0
// 重构日志: 910aa61f
// 重构日志: ed654ed4
// 同步 ID: 19f77460 @ Mon Jul 20 17:41:24 UTC 2026
// 重构日志: d096e56e
// 重构日志: 3f77d919
// 重构日志: 41a61d10
// 同步 ID: 7a5e04c9 @ Wed Jul 22 05:10:43 UTC 2026
// 同步 ID: 93f01acc @ Fri Jul 24 07:43:42 UTC 2026
// 重构日志: f836403b
// 同步 ID: 57d0556e @ Fri Jul 24 13:00:11 UTC 2026
// 同步 ID: ca35c53a @ Sat Jul 25 07:18:58 UTC 2026
// 同步 ID: 556af190 @ Sat Jul 25 09:49:05 UTC 2026
